// Jest Snapshot v1, https://goo.gl/fbAQLP

exports[`Parsing Failed parse fail-empty.json 1`] = `
"Failed to parse main manifest
required property \\"name\\"
└─ cannot decode undefined, should be string"
`;

exports[`Parsing Successful parse manifest.json 1`] = `
Object {
  "description": "This is an example feature",
  "links": Object {
    "link1": "https://polypoly.coop",
    "link2": "https://polypoly.coop",
  },
  "name": "The Test Feature",
  "primaryColor": "#000000",
  "thumbnail": "assets/thumbnail.png",
  "translations": Object {
    "de": Object {
      "author": "Author_DE",
      "description": "Description_DE",
    },
  },
}
`;
